<?xml version="1.0" encoding="UTF-8"?>
<?xml-model href="https://pds.nasa.gov/pds4/pds/v1/PDS4_PDS_1400.sch" 
  schematypens="http://purl.oclc.org/dsdl/schematron"?>

<?xml-model href="PDS4_IMG_1400.sch" 
  schematypens="http://purl.oclc.org/dsdl/schematron"?>

<?xml-model href="PDS4_MPF_1400.sch" 
  schematypens="http://purl.oclc.org/dsdl/schematron"?>

<?xml-model href="MPF_IMP_raw_1400.sch" 
  schematypens="http://purl.oclc.org/dsdl/schematron"?>

<!-- All schema locations shown in this label assume access to the schemas stored at
  http://pds.nasa.gov/.  If you wish to access local copies of these schemas, you will
  need to configure an XML catalog file.  A sample catalog file is available in the
  "xml_schema" directory of the archive volume containing this file. -->
<Product_Observational xmlns="http://pds.nasa.gov/pds4/pds/v1" xmlns:disp="http://pds.nasa.gov/pds4/disp/v1" xmlns:geom="http://pds.nasa.gov/pds4/geom/v1" xmlns:img="http://pds.nasa.gov/pds4/img/v1" xmlns:mpf="http://pds.nasa.gov/pds4/mission/mpf/v1" xmlns:pds="http://pds.nasa.gov/pds4/pds/v1" xmlns:xsi="http://www.w3.org/2001/XMLSchema-instance" xsi:schemaLocation="http://pds.nasa.gov/pds4/pds/v1 PDS4_PDS_1400.xsd       http://pds.nasa.gov/pds4/disp/v1 PDS4_DISP_1400.xsd   http://pds.nasa.gov/pds4/img/v1 PDS4_IMG_1400.xsd         http://pds.nasa.gov/pds4/mission/mpf/v1  PDS4_MPF_1400.xsd   http://pds.nasa.gov/pds4/geom/v1 PDS4_GEOM_1100.xsd">
    <Identification_Area>
        <logical_identifier>urn:nasa:pds:mars_mpf_imp_raw:data:imp_edr-1229455934-dark_current-0000000008</logical_identifier>
        <version_id>0.1</version_id>
        <title>IMP_HEALTH_CHECK_#1_(CRUISE).5CMD</title>
        <information_model_version>1.4.0.0</information_model_version>
        <!-- new Generate function to get current model version -->
        <product_class>Product_Observational</product_class>
        <Alias_List>
            <Alias>
                <alternate_id>imp_edr-1229455934-dark_current-0000000008</alternate_id>
                <comment>PDS3 product_id</comment>
            </Alias>
            <Alias>
                <alternate_id>8</alternate_id>
                <comment>PDS3 image_id</comment>
            </Alias>
        </Alias_List>
        <Modification_History>
            <Modification_Detail>
                <modification_date>2015-07-23</modification_date>
                <version_id>0.1</version_id>
                <description>This product has been migrated to PDS4 from an original PDS3 
          product.</description>
            </Modification_Detail>
        </Modification_History>
    </Identification_Area>
    <Observation_Area>
        <Time_Coordinates>
            <start_date_time>1996-12-16T19:31:24.600Z</start_date_time>
            <stop_date_time xsi:nil="true"/>
            <local_true_solar_time>13:20:31</local_true_solar_time>
        </Time_Coordinates>
        <Primary_Result_Summary>
            <purpose>Science</purpose>
            <processing_level>Raw</processing_level>
        </Primary_Result_Summary>
        <!-- Add in information describing the Mission here. -->
        <Investigation_Area>
            <name>MARS PATHFINDER</name>
            <type>Mission</type>
            <Internal_Reference>
                <lid_reference>urn:nasa:pds:context:investigation:mission.mars_pathfinder</lid_reference>
                <reference_type>data_to_investigation</reference_type>
            </Internal_Reference>
        </Investigation_Area>
        <!-- Add in information describing the instrument and spacecraft here. -->
        <Observing_System>
            <Observing_System_Component>
                <name>MARS PATHFINDER LANDER</name>
                <type>Spacecraft</type>
                <Internal_Reference>
                    <lid_reference>urn:nasa:pds:context:instrument_host:spacecraft.mpfl</lid_reference>
                    <reference_type>is_instrument_host</reference_type>
                </Internal_Reference>
            </Observing_System_Component>
            <Observing_System_Component>
                <name>IMAGER FOR MARS PATHFINDER</name>
                <type>Instrument</type>
                <Internal_Reference>
                    <lid_reference>urn:nasa:pds:context:instrument:instrument.imp__mpfl</lid_reference>
                    <reference_type>is_instrument</reference_type>
                </Internal_Reference>
            </Observing_System_Component>
        </Observing_System>
        <!-- Add in information describing the target here. -->
        <Target_Identification>
            <name>CALIMG</name>
            <type>Calibration</type>
            <Internal_Reference>
                <lid_reference>urn:nasa:pds:context:target:calibration.calimg</lid_reference>
                <reference_type>data_to_target</reference_type>
            </Internal_Reference>
        </Target_Identification>
        <Mission_Area>
            <mpf:MPF_Mission_Metadata>
                <mpf:sol_number>-194</mpf:sol_number>
                <mpf:spacecraft_clock_start_count>1229455934</mpf:spacecraft_clock_start_count>
            </mpf:MPF_Mission_Metadata>
        </Mission_Area>
        <Discipline_Area>
            <img:Imaging_Instrument_Parameters>
                <img:exposure_count>2</img:exposure_count>
                <img:exposure_duration unit="ms">0.0000</img:exposure_duration>
                <img:exposure_type>MANUAL</img:exposure_type>
                <img:auto_exposure_data_cut>2000</img:auto_exposure_data_cut>
                <img:auto_exposure_pixel_fraction>0.0000</img:auto_exposure_pixel_fraction>
                <img:instrument_mode_id>BOTH</img:instrument_mode_id>
                <img:Filter>
                    <img:filter_name>L450_R670</img:filter_name>
                    <img:filter_id>1</img:filter_id>
                </img:Filter>
                <img:first_line>3</img:first_line>
                <img:first_sample>1</img:first_sample>
                <img:image_observation_type>DARK_CURRENT</img:image_observation_type>
                <img:Device_Temperature>
                    <img:name>CCD array</img:name>
                    <img:raw_count>208</img:raw_count>
                    <img:temperature_calibrated unit="degC">16.2059</img:temperature_calibrated>
                </img:Device_Temperature>
                <img:Device_Temperature>
                    <img:name>camera head</img:name>
                    <img:raw_count>206</img:raw_count>
                    <img:temperature_calibrated unit="degC">15.8812</img:temperature_calibrated>
                </img:Device_Temperature>
            </img:Imaging_Instrument_Parameters>
            <img:Data_Correction_Parameters>
                <img:bad_pixel_replacement_flag>false</img:bad_pixel_replacement_flag>
                <img:dark_current_correction_flag>false</img:dark_current_correction_flag>
                <img:flat_field_correction_flag>false</img:flat_field_correction_flag>
                <img:shutter_effect_correction_flag>false</img:shutter_effect_correction_flag>
            </img:Data_Correction_Parameters>
            <img:Command_Parameters>
                <img:command_sequence_number>0</img:command_sequence_number>
            </img:Command_Parameters>
            <img:Telemetry_Parameters>
                <img:earth_received_start_date_time>1996-12-16T19:32:12.380Z</img:earth_received_start_date_time>
                <img:earth_received_stop_date_time>1996-12-16T19:37:19.780Z</img:earth_received_stop_date_time>
                <img:Packet_Parameters>
                    <img:expected_packets>27</img:expected_packets>
                    <img:received_packets>27</img:received_packets>
                </img:Packet_Parameters>
            </img:Telemetry_Parameters>
            <img:Instrument_Compression_Parameters>
                <img:instrument_compression_name>RICE ADAPTIVE VARIABLE-LENGTH CODING (RICE)</img:instrument_compression_name>
                <img:instrument_compression_mode>9</img:instrument_compression_mode>
                <img:instrument_compression_rate>3.2859</img:instrument_compression_rate>
                <img:instrument_compression_ratio>3.6519</img:instrument_compression_ratio>
                <img:instrument_compression_quality>-1</img:instrument_compression_quality>
                <img:instrument_compression_quantization_type>TABULAR</img:instrument_compression_quantization_type>
                <img:quantization_table_id>N/A</img:quantization_table_id>
                <img:error_pixels>0</img:error_pixels>
                <img:instrument_compression_block_size_x>1</img:instrument_compression_block_size_x>
                <img:instrument_compression_block_size_y>8</img:instrument_compression_block_size_y>
                <img:instrument_compression_blocks>7936</img:instrument_compression_blocks>
                <img:instrument_compression_parameter>-1</img:instrument_compression_parameter>
            </img:Instrument_Compression_Parameters>
            <img:Downsample_Parameters>
                <img:pixel_averaging_height>1</img:pixel_averaging_height>
                <img:pixel_averaging_width>1</img:pixel_averaging_width>
            </img:Downsample_Parameters>
            <img:Processing_History>
                <img:Process>
                    <img:Process_Owner>
                        <img:producer_id>MIPL OF JPL</img:producer_id>
                        <img:producer_full_name>ALLAN J. RUNKLE</img:producer_full_name>
                        <img:producer_institution_name>MULTIMISSION IMAGE PROCESSING LABORATORY, JET PROPULSION LAB</img:producer_institution_name>
                    </img:Process_Owner>
                    <img:Software>
                        <img:name>MPFTELEMPROC_IMP</img:name>
                        <img:version_id>V1.24.46</img:version_id>
                        <img:description>CODMAC LEVEL 1 TO LEVEL 2 CONVERSION VIA JPL/MIPL MPFTELEMPROC</img:description>
                    </img:Software>
                </img:Process>
            </img:Processing_History>
            <geom:Geometry>
                <geom:SPICE_Kernel_Files>
                    <geom:SPICE_Kernel_Identification>
                        <geom:spice_kernel_file_name>SEQ_C0003C_IMPEK</geom:spice_kernel_file_name>
                    </geom:SPICE_Kernel_Identification>
                </geom:SPICE_Kernel_Files>
            </geom:Geometry>
            <mpf:MPF_Discipline_Metadata>
                <mpf:detector_pixel_height>23.0000</mpf:detector_pixel_height>
                <mpf:detector_pixel_width>23.0000</mpf:detector_pixel_width>
                <mpf:instrument_deployment_state>STOWED</mpf:instrument_deployment_state>
            </mpf:MPF_Discipline_Metadata>
            <mpf:MPF_Command_Parameters>
                <mpf:command_name>IMP_IMAGE_AZ_EL</mpf:command_name>
                <mpf:command_description>This is the image taken by the IMP using absolute azimuth &amp; elevation as the coordinate system</mpf:command_description>
                <mpf:tlm_cmd_discrepancy_flag>false</mpf:tlm_cmd_discrepancy_flag>
                <mpf:download_type>DSIMNS</mpf:download_type>
                <mpf:dark_current_download_flag>false</mpf:dark_current_download_flag>
                <mpf:sqrt_compression_flag>false</mpf:sqrt_compression_flag>
            </mpf:MPF_Command_Parameters>
            <mpf:MPF_Telemetry_Parameters>
                <mpf:application_packet_name>TECH_IMG</mpf:application_packet_name>
                <mpf:application_packet_id>3</mpf:application_packet_id>
            </mpf:MPF_Telemetry_Parameters>
            <mpf:MPF_Compression_Parameters>
                <mpf:instrument_compression_synchronization_blocks>1024</mpf:instrument_compression_synchronization_blocks>
                <mpf:rice_start_option>0</mpf:rice_start_option>
                <mpf:rice_option_value>7</mpf:rice_option_value>
                <mpf:sqrt_minimum_pixel>0</mpf:sqrt_minimum_pixel>
                <mpf:sqrt_maximum_pixel>0</mpf:sqrt_maximum_pixel>
            </mpf:MPF_Compression_Parameters>
            <mpf:MPF_Geometry_Parameters>
                <mpf:instrument_azimuth>61.3260</mpf:instrument_azimuth>
                <mpf:azimuth_fov>14.0032</mpf:azimuth_fov>
                <mpf:azimuth_motor_clicks>0</mpf:azimuth_motor_clicks>
                <mpf:instrument_azimuth_method>TELEMETRY</mpf:instrument_azimuth_method>
                <mpf:instrument_elevation>-83.7685</mpf:instrument_elevation>
                <mpf:elevation_fov>13.5656</mpf:elevation_fov>
                <mpf:elevation_motor_clicks>0</mpf:elevation_motor_clicks>
                <mpf:instrument_elevation_method>TELEMETRY</mpf:instrument_elevation_method>
                <mpf:fixed_instrument_azimuth>215.6310</mpf:fixed_instrument_azimuth>
                <mpf:fixed_instrument_elevation>-82.0638</mpf:fixed_instrument_elevation>
                <mpf:surface_based_inst_method>L_FRAME_QUATERNION</mpf:surface_based_inst_method>
                <mpf:positive_elevation_direction>UP</mpf:positive_elevation_direction>
                <mpf:solar_azimuth>0.0000</mpf:solar_azimuth>
                <mpf:solar_elevation>0.0000</mpf:solar_elevation>
                <mpf:Lander_Surface_Quaternion>
                    <mpf:qcos>0.21</mpf:qcos>
                    <mpf:qsin1>-0.0169</mpf:qsin1>
                    <mpf:qsin2>-0.0169</mpf:qsin2>
                    <mpf:qsin3>0.9774</mpf:qsin3>
                </mpf:Lander_Surface_Quaternion>
            </mpf:MPF_Geometry_Parameters>
        </Discipline_Area>
    </Observation_Area>
    <Reference_List>
        <Internal_Reference>
            <lid_reference>urn:nasa:pds:mars_mpf_imp_raw:browse:imp_edr-1229455934-dark_current-0000000008</lid_reference>
            <reference_type>data_to_browse</reference_type>
            <comment>This reference points to the browse version of this image.</comment>
        </Internal_Reference>
    </Reference_List>
    <File_Area_Observational>
        <File>
            <file_name>i455934l.drk</file_name>
            <local_identifier>FILE</local_identifier>
            <creation_date_time>1998-07-13T23:13:05.000Z</creation_date_time>
            <file_size unit="byte">138240</file_size>
            <records>270</records>
            <md5_checksum>395127b233a20deefab35447e0de3e6a</md5_checksum>
        </File>
        <Header>
            <local_identifier>HEADER</local_identifier>
            <offset unit="byte">0</offset>
            <object_length unit="byte">11264</object_length>
            <parsing_standard_id>PDS3</parsing_standard_id>
            <description>This is the original attached PDS3 label delivered with the product by the MPF mission.</description>
        </Header>
        <Array_2D_Image>
            <local_identifier>IMAGE</local_identifier>
            <offset unit="byte">11264</offset>
            <axes>2</axes>
            <axis_index_order>Last Index Fastest</axis_index_order>
            <Element_Array>
                <data_type>UnsignedMSB2</data_type>
                <unit>DN</unit>
            </Element_Array>
            <Axis_Array>
                <axis_name>Line</axis_name>
                <elements>248</elements>
                <sequence_number>1</sequence_number>
            </Axis_Array>
            <Axis_Array>
                <axis_name>Sample</axis_name>
                <elements>256</elements>
                <sequence_number>2</sequence_number>
            </Axis_Array>
            <Object_Statistics>
                <local_identifier>IMAGE_STATISTICS</local_identifier>
                <maximum>90</maximum>
                <minimum>19</minimum>
                <mean>37.7571</mean>
                <standard_deviation>8.7910</standard_deviation>
                <bit_mask>00001111111111</bit_mask>
                <median>29</median>
                <md5_checksum>cd533a06991f73637b70b95ed2a7c345</md5_checksum>
            </Object_Statistics>
            <!--      
    <Display_2D_Image>
    <line_display_direction>Down</line_display_direction>
    <sample_display_direction>Right</sample_display_direction>
    </Display_2D_Image>
-->
        </Array_2D_Image>
    </File_Area_Observational>
</Product_Observational>
