<?xml version="1.0" encoding="UTF-8"?>
<?xml-model href="https://pds.nasa.gov/pds4/pds/v1/PDS4_PDS_1400.sch" 
    schematypens="http://purl.oclc.org/dsdl/schematron"?>

<?xml-model href="PDS4_IMG_LDD_1400.sch" 
    schematypens="http://purl.oclc.org/dsdl/schematron"?>

<?xml-model href="MPF_IMP_raw_1400.sch" 
    schematypens="http://purl.oclc.org/dsdl/schematron"?>

<?xml-model href="PDS4_MPF_LDD_1400.sch" 
    schematypens="http://purl.oclc.org/dsdl/schematron"?>

<!-- All schema locations shown in this label assume access to the schemas stored at
    http://pds.nasa.gov/.  If you wish to access local copies of these schemas, you will
    need to configure an XML catalog file.  A sample catalog file is available in the
    "xml_schema" directory of the archive volume containing this file. -->
<Product_Observational xmlns="http://pds.nasa.gov/pds4/pds/v1" xmlns:disp="http://pds.nasa.gov/pds4/disp/v1" xmlns:geom="http://pds.nasa.gov/pds4/geom/v1" xmlns:img="http://pds.nasa.gov/pds4/img/v1" xmlns:mpf="http://pds.nasa.gov/pds4/mission/mpf/v1" xmlns:pds="http://pds.nasa.gov/pds4/pds/v1" xmlns:xsi="http://www.w3.org/2001/XMLSchema-instance" xsi:schemaLocation="http://pds.nasa.gov/pds4/pds/v1 PDS4_PDS_1400.xsd         http://pds.nasa.gov/pds4/disp/v1 PDS4_DISP_1400.xsd     http://pds.nasa.gov/pds4/img/v1 PDS4_IMG_LDD_1400.xsd           http://pds.nasa.gov/pds4/mission/mpf/v1  PDS4_MPG_LDD_1400.xsd     http://pds.nasa.gov/pds4/geom/v1 PDS4_GEOM_1000.xsd">
    <Identification_Area>
        <logical_identifier>urn:nasa:pds:mars_mpf_imp_raw:data:imp_edr-1246985135-regular-0154030032</logical_identifier>
        <version_id>0.1</version_id>
        <title>DEIMOS_13_FILTERS+2_STARS.22CMD</title>
        <information_model_version>1.4.0.0</information_model_version>
        <!-- new Generate function to get current model version -->
        <product_class>Product_Observational</product_class>
        <Alias_List>
            <Alias>
                <alternate_id>imp_edr-1246985135-regular-0154030032</alternate_id>
                <comment>PDS3 product_id</comment>
            </Alias>
            <Alias>
                <alternate_id>154030032</alternate_id>
                <comment>PDS3 image_id</comment>
            </Alias>
        </Alias_List>
        <Modification_History>
            <Modification_Detail>
                <modification_date>2015-07-14</modification_date>
                <version_id>0.1</version_id>
                <description>This product has been migrated to PDS4 from an original PDS3 
                    product.</description>
            </Modification_Detail>
        </Modification_History>
    </Identification_Area>
    <Observation_Area>
        <Time_Coordinates>
            <start_date_time>1997-07-07T16:45:27.876Z</start_date_time>
            <stop_date_time xsi:nil="true"/>
            <local_true_solar_time>00:52:31</local_true_solar_time>
        </Time_Coordinates>
        <Primary_Result_Summary>
            <purpose>Science</purpose>
            <processing_level>Raw</processing_level>
        </Primary_Result_Summary>
        <!-- Add in information describing the Mission here. -->
        <Investigation_Area>
            <name>MARS PATHFINDER</name>
            <type>Mission</type>
            <Internal_Reference>
                <lid_reference>urn:nasa:pds:investigation.MARS_PATHFINDER</lid_reference>
                <reference_type>data_to_investigation</reference_type>
            </Internal_Reference>
        </Investigation_Area>
        <!-- Add in information describing the instrument and spacecraft here. -->
        <Observing_System>
            <Observing_System_Component>
                <name>MARS PATHFINDER LANDER</name>
                <type>Spacecraft</type>
                <Internal_Reference>
                    <lid_reference>urn:nasa:pds:instrument_host.MPFL</lid_reference>
                    <reference_type>is_instrument_host</reference_type>
                </Internal_Reference>
            </Observing_System_Component>
            <Observing_System_Component>
                <name>IMAGER FOR MARS PATHFINDER</name>
                <type>Instrument</type>
                <Internal_Reference>
                    <lid_reference>urn:nasa:pds:instrument.IMP__MPFL</lid_reference>
                    <reference_type>is_instrument</reference_type>
                </Internal_Reference>
            </Observing_System_Component>
        </Observing_System>
        <!-- Add in information describing the target here. -->
        <Target_Identification>
            <name>DEIMOS</name>
            <type>Satellite</type>
            <Internal_Reference>
                <lid_reference>urn:nasa:pds:target.deimos</lid_reference>
                <reference_type>data_to_target</reference_type>
            </Internal_Reference>
        </Target_Identification>
        <Mission_Area>
            <mpf:Mission_Metadata>
                <mpf:image_observation_type>REGULAR</mpf:image_observation_type>
                <mpf:planet_day_number>4</mpf:planet_day_number>
                <mpf:spacecraft_clock_start_count>1246985135</mpf:spacecraft_clock_start_count>
            </mpf:Mission_Metadata>
        </Mission_Area>
        <Discipline_Area>
            <img:Imaging_Instrument_Parameters>
                <img:exposure_count>2</img:exposure_count>
                <img:exposure_duration unit="ms">6000.0000</img:exposure_duration>
                <img:exposure_type>MANUAL</img:exposure_type>
                <img:Filter>
                    <img:filter_name>L440_R440</img:filter_name>
                    <img:filter_id>0</img:filter_id>
                </img:Filter>
                <img:first_line>107</img:first_line>
                <img:first_sample>105</img:first_sample>
                <img:Device_Temperature>
                    <img:name>CCD array</img:name>
                    <img:raw_count>128</img:raw_count>
                    <img:temperature_calibrated unit="degC">-33.1516</img:temperature_calibrated>
                </img:Device_Temperature>
                <img:Device_Temperature>
                    <img:name>camera head</img:name>
                    <img:raw_count>62</img:raw_count>
                    <img:temperature_calibrated unit="degC">-72.5382</img:temperature_calibrated>
                </img:Device_Temperature>
            </img:Imaging_Instrument_Parameters>
            <img:Command_Parameters>
                <img:command_sequence_number>154</img:command_sequence_number>
            </img:Command_Parameters>
            <img:Telemetry_Parameters>
                <img:earth_received_start_date_time>1997-07-07T23:42:54.161Z</img:earth_received_start_date_time>
                <img:earth_received_stop_date_time>1997-07-07T23:42:54.161Z</img:earth_received_stop_date_time>
                <img:Packet_Parameters>
                    <img:expected_packets>1</img:expected_packets>
                    <img:received_packets>1</img:received_packets>
                </img:Packet_Parameters>
            </img:Telemetry_Parameters>
            <img:Instrument_Compression_Parameters>
                <img:instrument_compression_name>JPEG DISCRETE COSINE TRANSFORM DCT;</img:instrument_compression_name>
                <img:instrument_compression_mode>2</img:instrument_compression_mode>
                <!--img:instrument_compression_quantization_type>TABULAR</img:instrument_compression_quantization_type-->
                <img:instrument_compression_rate>0.2847</img:instrument_compression_rate>
                <img:instrument_compression_ratio>42.1463</img:instrument_compression_ratio>
                <img:instrument_compression_quality>1</img:instrument_compression_quality>
                <img:quantization_table_id>INTERNAL_0</img:quantization_table_id>
                <img:error_pixels>0</img:error_pixels>
                <!--img:instrument_compression_blocks>36</img:instrument_compression_blocks-->
                <!--img:instrument_compression_segments>36</img:instrument_compression_segments-->
                <!-- <img:instrument_compression_block_size>(8,8)</img:instrument_compression_block_size>-->
                <!-- <img:instrument_compression_param>-1</img:instrument_compression_param> -->
                <!-- <img:instrument_compression_synchronization_blocks>1024</img:instrument_compression_synchronization_blocks>-->
                <!-- <img:rice_start_option>-1</img:rice_start_option>-->
                <!-- <img:rice_option_value>-1</img:rice_option_value>-->
                <!-- <img:sqrt_minimum_pixel>0</img:sqrt_minimum_pixel> -->
                <!-- <img:sqrt_maximum_pixel>0</img:sqrt_maximum_pixel> -->
            </img:Instrument_Compression_Parameters>
            <img:Downsample_Parameters>
                <img:pixel_averaging_height>2</img:pixel_averaging_height>
                <img:pixel_averaging_width>2</img:pixel_averaging_width>
            </img:Downsample_Parameters>
            <img:Processing_History>
                <img:Process>
                    <img:Process_Owner>
                        <img:producer_id>MIPL OF JPL</img:producer_id>
                        <img:producer_full_name>ALLAN J. RUNKLE</img:producer_full_name>
                        <img:producer_institution_name>MULTIMISSION IMAGE PROCESSING LABORATORY,    JET PROPULSION LAB</img:producer_institution_name>
                    </img:Process_Owner>
                    <img:Software>
                        <img:name>MPFTELEMPROC_IMP</img:name>
                        <img:version_id>V1.24.46</img:version_id>
                        <img:description>CODMAC LEVEL 1 TO LEVEL 2 CONVERSION VIA     JPL/MIPL MPFTELEMPROC</img:description>
                    </img:Software>
                </img:Process>
            </img:Processing_History>
            <mpf:Discipline_Metadata>
                <mpf:auto_exposure_data_cut>0</mpf:auto_exposure_data_cut>
                <mpf:auto_exposure_pixel_fraction>0.0000</mpf:auto_exposure_pixel_fraction>
                <mpf:detector_pixel_height>23.0000</mpf:detector_pixel_height>
                <mpf:detector_pixel_width>23.0000</mpf:detector_pixel_width>
                <mpf:frame_id>LEFT</mpf:frame_id>
                <mpf:instrument_deployment_state>DEPLOYED</mpf:instrument_deployment_state>
            </mpf:Discipline_Metadata>
            <mpf:MPF_Command_Parameters>
                <mpf:command_name>IMP_IMAGE_OBJECT</mpf:command_name>
                <mpf:command_description>This is the image taken by the IMP using an  IVP object to identify where to point</mpf:command_description>
                <mpf:download_type>IM</mpf:download_type>
                <!-- if dark_current_download_flag == NULL in PDS3, we are going to return FALSE in PDS4 -->
                <mpf:dark_current_download_flag>false</mpf:dark_current_download_flag>
                <mpf:dark_current_correction_flag>false</mpf:dark_current_correction_flag>
                <mpf:flat_field_correction_flag>false</mpf:flat_field_correction_flag>
                <mpf:bad_pixel_replacement_flag>false</mpf:bad_pixel_replacement_flag>
                <mpf:shutter_effect_correction_flag>false</mpf:shutter_effect_correction_flag>
                <mpf:sqrt_compression_flag>false</mpf:sqrt_compression_flag>
            </mpf:MPF_Command_Parameters>
            <mpf:MPF_Telemetry_Parameters>
                <mpf:application_packet_name>IMG_ASI</mpf:application_packet_name>
                <mpf:application_packet_id>32</mpf:application_packet_id>
                <mpf:tlm_cmd_discrepancy_flag>false</mpf:tlm_cmd_discrepancy_flag>
            </mpf:MPF_Telemetry_Parameters>
        </Discipline_Area>
    </Observation_Area>
    <Reference_List>
        <Internal_Reference>
            <lid_reference>urn:nasa:pds:mars_mpf_imp_raw:browse:imp_edr-1246985135-regular-0154030032</lid_reference>
            <reference_type>data_to_browse</reference_type>
            <comment>This reference points to the browse version of this image.</comment>
        </Internal_Reference>
    </Reference_List>
    <File_Area_Observational>
        <File>
            <file_name>i985135l.img</file_name>
            <local_identifier>FILE</local_identifier>
            <creation_date_time>1998-07-14T00:58:53.000Z</creation_date_time>
            <file_size unit="byte">15744</file_size>
            <records>164</records>
            <md5_checksum>b5b9593f88927792c485af691c820ef7</md5_checksum>
        </File>
        <Header>
            <local_identifier>HEADER</local_identifier>
            <offset unit="byte">0</offset>
            <object_length unit="byte">11136</object_length>
            <parsing_standard_id>PDS3</parsing_standard_id>
            <description>This is the original attached PDS3 label delivered with the product by the MPF mission.</description>
        </Header>
        <Array_2D_Image>
            <local_identifier>IMAGE</local_identifier>
            <offset unit="byte">11136</offset>
            <axes>2</axes>
            <axis_index_order>Last Index Fastest</axis_index_order>
            <Element_Array>
                <data_type>UnsignedMSB2</data_type>
                <unit>DN</unit>
            </Element_Array>
            <Axis_Array>
                <axis_name>Line</axis_name>
                <elements>48</elements>
                <sequence_number>1</sequence_number>
            </Axis_Array>
            <Axis_Array>
                <axis_name>Sample</axis_name>
                <elements>48</elements>
                <sequence_number>2</sequence_number>
            </Axis_Array>
            <Object_Statistics>
                <local_identifier>IMAGE_STATISTICS</local_identifier>
                <maximum>11</maximum>
                <minimum>8</minimum>
                <mean>8.6319</mean>
                <standard_deviation>0.5212</standard_deviation>
                <bit_mask>00001111111111</bit_mask>
                <median>8</median>
                <md5_checksum>c81233d8d1c33c6cf073bc3fa52c06b0</md5_checksum>
            </Object_Statistics>
            <!--      
      <Display_2D_Image>
        <line_display_direction>Down</line_display_direction>
        <sample_display_direction>Right</sample_display_direction>
      </Display_2D_Image>
-->
        </Array_2D_Image>
    </File_Area_Observational>
</Product_Observational>
